------------------------------------------------------------
TimeQuest Timing Analyzer Summary
------------------------------------------------------------

Type  : Slow Model Setup 'i_CLK'
Slack : -2.963
TNS   : -93.570

Type  : Slow Model Setup 'debounce:DB|o_button'
Slack : -0.296
TNS   : -0.590

Type  : Slow Model Hold 'i_CLK'
Slack : -2.537
TNS   : -2.537

Type  : Slow Model Hold 'debounce:DB|o_button'
Slack : 0.523
TNS   : 0.000

Type  : Slow Model Minimum Pulse Width 'i_CLK'
Slack : -1.380
TNS   : -36.380

Type  : Slow Model Minimum Pulse Width 'debounce:DB|o_button'
Slack : -0.500
TNS   : -13.000

Type  : Fast Model Setup 'i_CLK'
Slack : -0.859
TNS   : -26.380

Type  : Fast Model Setup 'debounce:DB|o_button'
Slack : 0.388
TNS   : 0.000

Type  : Fast Model Hold 'i_CLK'
Slack : -1.578
TNS   : -1.578

Type  : Fast Model Hold 'debounce:DB|o_button'
Slack : 0.242
TNS   : 0.000

Type  : Fast Model Minimum Pulse Width 'i_CLK'
Slack : -1.380
TNS   : -36.380

Type  : Fast Model Minimum Pulse Width 'debounce:DB|o_button'
Slack : -0.500
TNS   : -13.000

------------------------------------------------------------
