------------------------------------------------------------
TimeQuest Timing Analyzer Summary
------------------------------------------------------------

Type  : Slow Model Setup 'CLOCK_25'
Slack : -132.763
TNS   : -4962.844

Type  : Slow Model Setup 'timeClock'
Slack : -8.165
TNS   : -2000.445

Type  : Slow Model Setup 'CLOCK_50'
Slack : -2.827
TNS   : -60.432

Type  : Slow Model Hold 'CLOCK_50'
Slack : -2.541
TNS   : -5.046

Type  : Slow Model Hold 'CLOCK_25'
Slack : 0.391
TNS   : 0.000

Type  : Slow Model Hold 'timeClock'
Slack : 0.391
TNS   : 0.000

Type  : Slow Model Minimum Pulse Width 'CLOCK_50'
Slack : -1.380
TNS   : -35.380

Type  : Slow Model Minimum Pulse Width 'timeClock'
Slack : -0.500
TNS   : -322.000

Type  : Slow Model Minimum Pulse Width 'CLOCK_25'
Slack : -0.500
TNS   : -100.000

Type  : Fast Model Setup 'CLOCK_25'
Slack : -59.758
TNS   : -2214.611

Type  : Fast Model Setup 'timeClock'
Slack : -3.182
TNS   : -755.900

Type  : Fast Model Setup 'CLOCK_50'
Slack : -0.843
TNS   : -12.077

Type  : Fast Model Hold 'CLOCK_50'
Slack : -1.585
TNS   : -3.135

Type  : Fast Model Hold 'CLOCK_25'
Slack : 0.215
TNS   : 0.000

Type  : Fast Model Hold 'timeClock'
Slack : 0.215
TNS   : 0.000

Type  : Fast Model Minimum Pulse Width 'CLOCK_50'
Slack : -1.380
TNS   : -35.380

Type  : Fast Model Minimum Pulse Width 'timeClock'
Slack : -0.500
TNS   : -322.000

Type  : Fast Model Minimum Pulse Width 'CLOCK_25'
Slack : -0.500
TNS   : -100.000

------------------------------------------------------------
