Archive member included to satisfy reference by file (symbol)

c:/program files/pros/toolchain/usr/bin/../lib/gcc/arm-none-eabi/7.2.1/thumb/v7e-m\libgcc.a(_arm_addsubdf3.o)
                              CMakeFiles/blinky-led.dir/Project/src/main.c.obj (__aeabi_dadd)
c:/program files/pros/toolchain/usr/bin/../lib/gcc/arm-none-eabi/7.2.1/thumb/v7e-m\libgcc.a(_arm_truncdfsf2.o)
                              CMakeFiles/blinky-led.dir/Project/src/main.c.obj (__aeabi_d2f)
c:/program files/pros/toolchain/usr/bin/../lib/gcc/arm-none-eabi/7.2.1/thumb/v7e-m\libgcc.a(_arm_muldivsf3.o)
                              CMakeFiles/blinky-led.dir/Project/src/main.c.obj (__aeabi_fmul)
c:/program files/pros/toolchain/usr/bin/../lib/gcc/arm-none-eabi/7.2.1/thumb/v7e-m\libgcc.a(_arm_fixsfsi.o)
                              CMakeFiles/blinky-led.dir/Project/src/main.c.obj (__aeabi_f2iz)
c:/program files/pros/toolchain/usr/bin/../lib/gcc/arm-none-eabi/7.2.1/../../../../arm-none-eabi/lib/thumb/v7e-m\libc_nano.a(lib_a-exit.o)
                              c:/program files/pros/toolchain/usr/bin/../lib/gcc/arm-none-eabi/7.2.1/../../../../arm-none-eabi/lib/thumb/v7e-m/crt0.o (exit)
c:/program files/pros/toolchain/usr/bin/../lib/gcc/arm-none-eabi/7.2.1/../../../../arm-none-eabi/lib/thumb/v7e-m\libc_nano.a(lib_a-impure.o)
                              c:/program files/pros/toolchain/usr/bin/../lib/gcc/arm-none-eabi/7.2.1/../../../../arm-none-eabi/lib/thumb/v7e-m\libc_nano.a(lib_a-exit.o) (_global_impure_ptr)
c:/program files/pros/toolchain/usr/bin/../lib/gcc/arm-none-eabi/7.2.1/../../../../arm-none-eabi/lib/thumb/v7e-m\libc_nano.a(lib_a-init.o)
                              c:/program files/pros/toolchain/usr/bin/../lib/gcc/arm-none-eabi/7.2.1/../../../../arm-none-eabi/lib/thumb/v7e-m/crt0.o (__libc_init_array)
c:/program files/pros/toolchain/usr/bin/../lib/gcc/arm-none-eabi/7.2.1/../../../../arm-none-eabi/lib/thumb/v7e-m\libc_nano.a(lib_a-memset.o)
                              c:/program files/pros/toolchain/usr/bin/../lib/gcc/arm-none-eabi/7.2.1/../../../../arm-none-eabi/lib/thumb/v7e-m/crt0.o (memset)
c:/program files/pros/toolchain/usr/bin/../lib/gcc/arm-none-eabi/7.2.1/../../../../arm-none-eabi/lib/thumb/v7e-m\libc_nano.a(lib_a-nano-vfprintf_float.o)
                              (_printf_float)
c:/program files/pros/toolchain/usr/bin/../lib/gcc/arm-none-eabi/7.2.1/../../../../arm-none-eabi/lib/thumb/v7e-m\libc_nano.a(lib_a-nano-vfprintf_i.o)
                              c:/program files/pros/toolchain/usr/bin/../lib/gcc/arm-none-eabi/7.2.1/../../../../arm-none-eabi/lib/thumb/v7e-m\libc_nano.a(lib_a-nano-vfprintf_float.o) (_printf_common)
c:/program files/pros/toolchain/usr/bin/../lib/gcc/arm-none-eabi/7.2.1/../../../../arm-none-eabi/lib/thumb/v7e-m\libc_nano.a(lib_a-printf.o)
                              CMakeFiles/blinky-led.dir/Project/src/main.c.obj (printf)
c:/program files/pros/toolchain/usr/bin/../lib/gcc/arm-none-eabi/7.2.1/../../../../arm-none-eabi/lib/thumb/v7e-m\libc_nano.a(lib_a-strlen.o)
                              c:/program files/pros/toolchain/usr/bin/../lib/gcc/arm-none-eabi/7.2.1/../../../../arm-none-eabi/lib/thumb/v7e-m\libc_nano.a(lib_a-nano-vfprintf_float.o) (strlen)
c:/program files/pros/toolchain/usr/bin/../lib/gcc/arm-none-eabi/7.2.1/../../../../arm-none-eabi/lib/thumb/v7e-m\libc_nano.a(lib_a-dtoa.o)
                              c:/program files/pros/toolchain/usr/bin/../lib/gcc/arm-none-eabi/7.2.1/../../../../arm-none-eabi/lib/thumb/v7e-m\libc_nano.a(lib_a-nano-vfprintf_float.o) (_dtoa_r)
c:/program files/pros/toolchain/usr/bin/../lib/gcc/arm-none-eabi/7.2.1/../../../../arm-none-eabi/lib/thumb/v7e-m\libc_nano.a(lib_a-findfp.o)
                              c:/program files/pros/toolchain/usr/bin/../lib/gcc/arm-none-eabi/7.2.1/../../../../arm-none-eabi/lib/thumb/v7e-m\libc_nano.a(lib_a-printf.o) (__sinit)
c:/program files/pros/toolchain/usr/bin/../lib/gcc/arm-none-eabi/7.2.1/../../../../arm-none-eabi/lib/thumb/v7e-m\libc_nano.a(lib_a-fwalk.o)
                              c:/program files/pros/toolchain/usr/bin/../lib/gcc/arm-none-eabi/7.2.1/../../../../arm-none-eabi/lib/thumb/v7e-m\libc_nano.a(lib_a-findfp.o) (_fwalk)
c:/program files/pros/toolchain/usr/bin/../lib/gcc/arm-none-eabi/7.2.1/../../../../arm-none-eabi/lib/thumb/v7e-m\libc_nano.a(lib_a-localeconv.o)
                              c:/program files/pros/toolchain/usr/bin/../lib/gcc/arm-none-eabi/7.2.1/../../../../arm-none-eabi/lib/thumb/v7e-m\libc_nano.a(lib_a-nano-vfprintf_float.o) (_localeconv_r)
c:/program files/pros/toolchain/usr/bin/../lib/gcc/arm-none-eabi/7.2.1/../../../../arm-none-eabi/lib/thumb/v7e-m\libc_nano.a(lib_a-malloc.o)
                              c:/program files/pros/toolchain/usr/bin/../lib/gcc/arm-none-eabi/7.2.1/../../../../arm-none-eabi/lib/thumb/v7e-m\libc_nano.a(lib_a-dtoa.o) (malloc)
[...]
Memory Configuration

Name             Origin             Length             Attributes
RAM              0x20000000         0x00020000         xrw
FLASH            0x08000000         0x00080000         xr
*default*        0x00000000         0xffffffff

Linker script and memory map

LOAD c:/program files/pros/toolchain/usr/bin/../lib/gcc/arm-none-eabi/7.2.1/thumb/v7e-m/crti.o
LOAD c:/program files/pros/toolchain/usr/bin/../lib/gcc/arm-none-eabi/7.2.1/thumb/v7e-m/crtbegin.o
LOAD c:/program files/pros/toolchain/usr/bin/../lib/gcc/arm-none-eabi/7.2.1/../../../../arm-none-eabi/lib/thumb/v7e-m/crt0.o
LOAD c:/program files/pros/toolchain/usr/bin/../lib/gcc/arm-none-eabi/7.2.1/thumb/v7e-m\libgcc.a
LOAD CMakeFiles/blinky-led.dir/Project/src/main.c.obj
LOAD CMakeFiles/blinky-led.dir/Project/src/syscalls.c.obj
LOAD CMakeFiles/blinky-led.dir/core/startup_stm32f446retx.s.obj
START GROUP
LOAD c:/program files/pros/toolchain/usr/bin/../lib/gcc/arm-none-eabi/7.2.1/thumb/v7e-m\libgcc.a
LOAD c:/program files/pros/toolchain/usr/bin/../lib/gcc/arm-none-eabi/7.2.1/../../../../arm-none-eabi/lib/thumb/v7e-m\libc_nano.a
END GROUP
START GROUP
LOAD c:/program files/pros/toolchain/usr/bin/../lib/gcc/arm-none-eabi/7.2.1/thumb/v7e-m\libgcc.a
LOAD c:/program files/pros/toolchain/usr/bin/../lib/gcc/arm-none-eabi/7.2.1/../../../../arm-none-eabi/lib/thumb/v7e-m\libc_nano.a
END GROUP
LOAD c:/program files/pros/toolchain/usr/bin/../lib/gcc/arm-none-eabi/7.2.1/thumb/v7e-m/crtend.o
LOAD c:/program files/pros/toolchain/usr/bin/../lib/gcc/arm-none-eabi/7.2.1/thumb/v7e-m/crtn.o
                0x20020000                _estack = (ORIGIN (RAM) + LENGTH (RAM))
                0x00000200                _Min_Heap_Size = 0x200
                0x00000400                _Min_Stack_Size = 0x400

.isr_vector     0x08000000      0x1c4
                0x08000000                . = ALIGN (0x4)
 *(.isr_vector)
 .isr_vector    0x08000000      0x1c4 CMakeFiles/blinky-led.dir/core/startup_stm32f446retx.s.obj
                0x08000000                g_pfnVectors
                0x080001c4                . = ALIGN (0x4)

.text           0x080001d0     0x3ac0
                0x080001d0                . = ALIGN (0x4)
 *(.text)
 .text          0x080001d0       0x40 c:/program files/pros/toolchain/usr/bin/../lib/gcc/arm-none-eabi/7.2.1/thumb/v7e-m/crtbegin.o
 .text          0x08000210      0x378 c:/program files/pros/toolchain/usr/bin/../lib/gcc/arm-none-eabi/7.2.1/thumb/v7e-m\libgcc.a(_arm_addsubdf3.o)
                0x08000210                __aeabi_drsub
                0x08000218                __aeabi_dsub
                0x08000218                __subdf3
                0x0800021c                __aeabi_dadd
                0x0800021c                __adddf3
                0x08000494                __floatunsidf
                0x08000494                __aeabi_ui2d
                0x080004b4                __floatsidf
                0x080004b4                __aeabi_i2d
                0x080004d8                __aeabi_f2d
                0x080004d8                __extendsfdf2
                0x0800051c                __floatundidf
                0x0800051c                __aeabi_ul2d
                0x0800052c                __floatdidf
                0x0800052c                __aeabi_l2d
 .text          0x08000588       0xa0 c:/program files/pros/toolchain/usr/bin/../lib/gcc/arm-none-eabi/7.2.1/thumb/v7e-m\libgcc.a(_arm_truncdfsf2.o)
                0x08000588                __truncdfsf2
                0x08000588                __aeabi_d2f
 .text          0x08000628      0x2a0 c:/program files/pros/toolchain/usr/bin/../lib/gcc/arm-none-eabi/7.2.1/thumb/v7e-m\libgcc.a(_arm_muldivsf3.o)
                0x08000628                __mulsf3
                0x08000628                __aeabi_fmul
                0x08000790                __aeabi_fdiv
                0x08000790                __divsf3
 .text          0x080008c8       0x4c c:/program files/pros/toolchain/usr/bin/../lib/gcc/arm-none-eabi/7.2.1/thumb/v7e-m\libgcc.a(_arm_fixsfsi.o)
                0x080008c8                __aeabi_f2iz
                0x080008c8                __fixsfsi
 .text          0x08000914       0x10 c:/program files/pros/toolchain/usr/bin/../lib/gcc/arm-none-eabi/7.2.1/../../../../arm-none-eabi/lib/thumb/v7e-m\libc_nano.a(lib_a-strlen.o)
                0x08000914                strlen
 *fill*         0x08000924        0xc 
 .text          0x08000930       0xa0 c:/program files/pros/toolchain/usr/bin/../lib/gcc/arm-none-eabi/7.2.1/../../../../arm-none-eabi/lib/thumb/v7e-m\libc_nano.a(lib_a-memchr.o)
                0x08000930                memchr
 .text          0x080009d0      0x424 c:/program files/pros/toolchain/usr/bin/../lib/gcc/arm-none-eabi/7.2.1/thumb/v7e-m\libgcc.a(_arm_muldivdf3.o)
                0x080009d0                __aeabi_dmul
                0x080009d0                __muldf3
                0x08000c24                __divdf3
                0x08000c24                __aeabi_ddiv
 .text          0x08000df4      0x110 c:/program files/pros/toolchain/usr/bin/../lib/gcc/arm-none-eabi/7.2.1/thumb/v7e-m\libgcc.a(_arm_cmpdf2.o)
                0x08000df4                __gtdf2
                0x08000df4                __gedf2
                0x08000dfc                __ltdf2
                0x08000dfc                __ledf2
                0x08000e04                __nedf2
                0x08000e04                __eqdf2
                0x08000e04                __cmpdf2
                0x08000e80                __aeabi_cdrcmple
                0x08000e90                __aeabi_cdcmpeq
                0x08000e90                __aeabi_cdcmple
                0x08000ea0                __aeabi_dcmpeq
                0x08000eb4                __aeabi_dcmplt
                0x08000ec8                __aeabi_dcmple
                0x08000edc                __aeabi_dcmpge
                0x08000ef0                __aeabi_dcmpgt
 .text          0x08000f04       0x2c c:/program files/pros/toolchain/usr/bin/../lib/gcc/arm-none-eabi/7.2.1/thumb/v7e-m\libgcc.a(_arm_unorddf2.o)
                0x08000f04                __unorddf2
                0x08000f04                __aeabi_dcmpun
 .text          0x08000f30       0x50 c:/program files/pros/toolchain/usr/bin/../lib/gcc/arm-none-eabi/7.2.1/thumb/v7e-m\libgcc.a(_arm_fixdfsi.o)
                0x08000f30                __aeabi_d2iz
                0x08000f30                __fixdfsi
 *(.text*)
 .text.__NVIC_SetPriority
                0x08000f80       0x54 CMakeFiles/blinky-led.dir/Project/src/main.c.obj
 .text.SysTick_Config
                0x08000fd4       0x44 CMakeFiles/blinky-led.dir/Project/src/main.c.obj
 .text.gpio_set_mode
                0x08001018       0x78 CMakeFiles/blinky-led.dir/Project/src/main.c.obj
 .text.gpio_set_af
                0x08001090       0x82 CMakeFiles/blinky-led.dir/Project/src/main.c.obj
 .text.gpio_write
                0x08001112       0x44 CMakeFiles/blinky-led.dir/Project/src/main.c.obj
 *fill*         0x08001156        0x2 
 .text.uart_init
                0x08001158       0xf0 CMakeFiles/blinky-led.dir/Project/src/main.c.obj
 .text.timer_expired
                0x08001248       0x6e CMakeFiles/blinky-led.dir/Project/src/main.c.obj
 *fill*         0x080012b6        0x2 
 .text.SysTick_Handler
                0x080012b8       0x1c CMakeFiles/blinky-led.dir/Project/src/main.c.obj
                0x080012b8                SysTick_Handler
 .text.SystemInit
                0x080012d4       0x20 CMakeFiles/blinky-led.dir/Project/src/main.c.obj
                0x080012d4                SystemInit
 *fill*         0x080012f4        0x4 
 .text.main     0x080012f8      0x104 CMakeFiles/blinky-led.dir/Project/src/main.c.obj
                0x080012f8                main
 .text.spin     0x080013fc       0x20 CMakeFiles/blinky-led.dir/Project/src/syscalls.c.obj
 .text.uart_write_byte
                0x0800141c       0x2e CMakeFiles/blinky-led.dir/Project/src/syscalls.c.obj
 .text.uart_write_buf
                0x0800144a       0x30 CMakeFiles/blinky-led.dir/Project/src/syscalls.c.obj
 .text._fstat   0x0800147a       0x2a CMakeFiles/blinky-led.dir/Project/src/syscalls.c.obj
                0x0800147a                _fstat
 .text._sbrk    0x080014a4       0x64 CMakeFiles/blinky-led.dir/Project/src/syscalls.c.obj
                0x080014a4                _sbrk
 .text._close   0x08001508       0x16 CMakeFiles/blinky-led.dir/Project/src/syscalls.c.obj
                0x08001508                _close
 .text._isatty  0x0800151e       0x14 CMakeFiles/blinky-led.dir/Project/src/syscalls.c.obj
                0x0800151e                _isatty
 .text._lseek   0x08001532       0x18 CMakeFiles/blinky-led.dir/Project/src/syscalls.c.obj
                0x08001532                _lseek
 *fill*         0x0800154a        0x2 
 .text._write   0x0800154c       0x34 CMakeFiles/blinky-led.dir/Project/src/syscalls.c.obj
                0x0800154c                _write
 .text._read    0x08001580       0x1a CMakeFiles/blinky-led.dir/Project/src/syscalls.c.obj
                0x08001580                _read
 *fill*         0x0800159a        0x2 
 .text.Reset_Handler
                0x0800159c       0x50 CMakeFiles/blinky-led.dir/core/startup_stm32f446retx.s.obj
                0x0800159c                Reset_Handler
 .text.Default_Handler
                0x080015ec        0x2 CMakeFiles/blinky-led.dir/core/startup_stm32f446retx.s.obj
                0x080015ec                RTC_Alarm_IRQHandler
                0x080015ec                EXTI2_IRQHandler
                0x080015ec                TIM8_CC_IRQHandler
                0x080015ec                DebugMon_Handler
                0x080015ec                FMPI2C1_EV_IRQHandler
                0x080015ec                SPI4_IRQHandler
                0x080015ec                TIM1_CC_IRQHandler
                0x080015ec                DMA2_Stream5_IRQHandler
                0x080015ec                HardFault_Handler
                0x080015ec                DMA1_Stream5_IRQHandler
                0x080015ec                PVD_IRQHandler
                0x080015ec                SDIO_IRQHandler
                0x080015ec                TAMP_STAMP_IRQHandler
                0x080015ec                PendSV_Handler
                0x080015ec                NMI_Handler
                0x080015ec                CAN2_RX1_IRQHandler
                0x080015ec                EXTI3_IRQHandler
                0x080015ec                TIM8_TRG_COM_TIM14_IRQHandler
                0x080015ec                TIM1_UP_TIM10_IRQHandler
                0x080015ec                TIM8_UP_TIM13_IRQHandler
                0x080015ec                I2C3_ER_IRQHandler
                0x080015ec                EXTI0_IRQHandler
                0x080015ec                I2C2_EV_IRQHandler
                0x080015ec                DMA1_Stream2_IRQHandler
                0x080015ec                CAN1_RX0_IRQHandler
                0x080015ec                FPU_IRQHandler
                0x080015ec                OTG_HS_WKUP_IRQHandler
                0x080015ec                UsageFault_Handler
                0x080015ec                CAN2_SCE_IRQHandler
                0x080015ec                DMA2_Stream2_IRQHandler
                0x080015ec                SPI1_IRQHandler
                0x080015ec                TIM6_DAC_IRQHandler
                0x080015ec                TIM1_BRK_TIM9_IRQHandler
                0x080015ec                DCMI_IRQHandler
                0x080015ec                CAN2_RX0_IRQHandler
                0x080015ec                DMA2_Stream3_IRQHandler
                0x080015ec                SAI2_IRQHandler
                0x080015ec                USART6_IRQHandler
                0x080015ec                USART3_IRQHandler
                0x080015ec                CAN1_RX1_IRQHandler
                0x080015ec                UART5_IRQHandler
                0x080015ec                DMA2_Stream0_IRQHandler
                0x080015ec                TIM4_IRQHandler
                0x080015ec                QUADSPI_IRQHandler
                0x080015ec                I2C1_EV_IRQHandler
                0x080015ec                DMA1_Stream6_IRQHandler
                0x080015ec                DMA1_Stream1_IRQHandler
                0x080015ec                UART4_IRQHandler
                0x080015ec                TIM3_IRQHandler
                0x080015ec                RCC_IRQHandler
                0x080015ec                TIM8_BRK_TIM12_IRQHandler
                0x080015ec                Default_Handler
                0x080015ec                CEC_IRQHandler
                0x080015ec                EXTI15_10_IRQHandler
                0x080015ec                ADC_IRQHandler
                0x080015ec                DMA1_Stream7_IRQHandler
                0x080015ec                TIM7_IRQHandler
                0x080015ec                CAN2_TX_IRQHandler
                0x080015ec                TIM5_IRQHandler
                0x080015ec                DMA2_Stream7_IRQHandler
                0x080015ec                I2C3_EV_IRQHandler
                0x080015ec                EXTI9_5_IRQHandler
                0x080015ec                RTC_WKUP_IRQHandler
                0x080015ec                SPDIF_RX_IRQHandler
                0x080015ec                SPI2_IRQHandler
                0x080015ec                OTG_HS_EP1_IN_IRQHandler
                0x080015ec                MemManage_Handler
                0x080015ec                DMA1_Stream0_IRQHandler
                0x080015ec                CAN1_TX_IRQHandler
                0x080015ec                SVC_Handler
                0x080015ec                FMPI2C1_ER_IRQHandler
                0x080015ec                EXTI4_IRQHandler
                0x080015ec                OTG_HS_EP1_OUT_IRQHandler
                0x080015ec                WWDG_IRQHandler
                0x080015ec                TIM2_IRQHandler
                0x080015ec                OTG_FS_WKUP_IRQHandler
                0x080015ec                TIM1_TRG_COM_TIM11_IRQHandler
                0x080015ec                OTG_HS_IRQHandler
                0x080015ec                EXTI1_IRQHandler
                0x080015ec                USART2_IRQHandler
                0x080015ec                I2C2_ER_IRQHandler
                0x080015ec                DMA2_Stream1_IRQHandler
                0x080015ec                CAN1_SCE_IRQHandler
                0x080015ec                FLASH_IRQHandler
                0x080015ec                DMA2_Stream4_IRQHandler
                0x080015ec                BusFault_Handler
                0x080015ec                USART1_IRQHandler
                0x080015ec                OTG_FS_IRQHandler
                0x080015ec                SPI3_IRQHandler
                0x080015ec                DMA1_Stream4_IRQHandler
                0x080015ec                I2C1_ER_IRQHandler
                0x080015ec                FMC_IRQHandler
                0x080015ec                DMA2_Stream6_IRQHandler
                0x080015ec                SAI1_IRQHandler
                0x080015ec                DMA1_Stream3_IRQHandler
 *fill*         0x080015ee        0x2 
 .text.__libc_init_array
                0x080015f0       0x48 c:/program files/pros/toolchain/usr/bin/../lib/gcc/arm-none-eabi/7.2.1/../../../../arm-none-eabi/lib/thumb/v7e-m\libc_nano.a(lib_a-init.o)
                0x080015f0                __libc_init_array
 .text.memset   0x08001638       0x10 c:/program files/pros/toolchain/usr/bin/../lib/gcc/arm-none-eabi/7.2.1/../../../../arm-none-eabi/lib/thumb/v7e-m\libc_nano.a(lib_a-memset.o)
                0x08001638                memset
 .text.__cvt    0x08001648       0xb8 c:/program files/pros/toolchain/usr/bin/../lib/gcc/arm-none-eabi/7.2.1/../../../../arm-none-eabi/lib/thumb/v7e-m\libc_nano.a(lib_a-nano-vfprintf_float.o)
                0x08001648                __cvt
 .text.__exponent
                0x08001700       0x66 c:/program files/pros/toolchain/usr/bin/../lib/gcc/arm-none-eabi/7.2.1/../../../../arm-none-eabi/lib/thumb/v7e-m\libc_nano.a(lib_a-nano-vfprintf_float.o)
                0x08001700                __exponent
 *fill*         0x08001766        0x2 
 .text._printf_float
                0x08001768      0x46c c:/program files/pros/toolchain/usr/bin/../lib/gcc/arm-none-eabi/7.2.1/../../../../arm-none-eabi/lib/thumb/v7e-m\libc_nano.a(lib_a-nano-vfprintf_float.o)
                0x08001768                _printf_float
 .text._printf_common
                0x08001bd4       0xea c:/program files/pros/toolchain/usr/bin/../lib/gcc/arm-none-eabi/7.2.1/../../../../arm-none-eabi/lib/thumb/v7e-m\libc_nano.a(lib_a-nano-vfprintf_i.o)
                0x08001bd4                _printf_common
 *fill*         0x08001cbe        0x2 
 .text._printf_i
                0x08001cc0      0x224 c:/program files/pros/toolchain/usr/bin/../lib/gcc/arm-none-eabi/7.2.1/../../../../arm-none-eabi/lib/thumb/v7e-m\libc_nano.a(lib_a-nano-vfprintf_i.o)
                0x08001cc0                _printf_i
 .text.printf   0x08001ee4       0x30 c:/program files/pros/toolchain/usr/bin/../lib/gcc/arm-none-eabi/7.2.1/../../../../arm-none-eabi/lib/thumb/v7e-m\libc_nano.a(lib_a-printf.o)
                0x08001ee4                iprintf
                0x08001ee4                printf
 .text.quorem   0x08001f14      0x118 c:/program files/pros/toolchain/usr/bin/../lib/gcc/arm-none-eabi/7.2.1/../../../../arm-none-eabi/lib/thumb/v7e-m\libc_nano.a(lib_a-dtoa.o)
 *fill*         0x0800202c        0x4 
 .text._dtoa_r  0x08002030      0xb74 c:/program files/pros/toolchain/usr/bin/../lib/gcc/arm-none-eabi/7.2.1/../../../../arm-none-eabi/lib/thumb/v7e-m\libc_nano.a(lib_a-dtoa.o)
                0x08002030                _dtoa_r
 .text.std      0x08002ba4       0x48 c:/program files/pros/toolchain/usr/bin/../lib/gcc/arm-none-eabi/7.2.1/../../../../arm-none-eabi/lib/thumb/v7e-m\libc_nano.a(lib_a-findfp.o)
 .text._cleanup_r
                0x08002bec        0xc c:/program files/pros/toolchain/usr/bin/../lib/gcc/arm-none-eabi/7.2.1/../../../../arm-none-eabi/lib/thumb/v7e-m\libc_nano.a(lib_a-findfp.o)
                0x08002bec                _cleanup_r
 .text.__sfmoreglue
                0x08002bf8       0x2c c:/program files/pros/toolchain/usr/bin/../lib/gcc/arm-none-eabi/7.2.1/../../../../arm-none-eabi/lib/thumb/v7e-m\libc_nano.a(lib_a-findfp.o)
                0x08002bf8                __sfmoreglue
 .text.__sinit  0x08002c24       0x60 c:/program files/pros/toolchain/usr/bin/../lib/gcc/arm-none-eabi/7.2.1/../../../../arm-none-eabi/lib/thumb/v7e-m\libc_nano.a(lib_a-findfp.o)
                0x08002c24                __sinit
 .text.__sfp    0x08002c84       0x78 c:/program files/pros/toolchain/usr/bin/../lib/gcc/arm-none-eabi/7.2.1/../../../../arm-none-eabi/lib/thumb/v7e-m\libc_nano.a(lib_a-findfp.o)
                0x08002c84                __sfp
 .text._fwalk_reent
                0x08002cfc       0x3c c:/program files/pros/toolchain/usr/bin/../lib/gcc/arm-none-eabi/7.2.1/../../../../arm-none-eabi/lib/thumb/v7e-m\libc_nano.a(lib_a-fwalk.o)
                0x08002cfc                _fwalk_reent
 .text._localeconv_r
                0x08002d38       0x1c c:/program files/pros/toolchain/usr/bin/../lib/gcc/arm-none-eabi/7.2.1/../../../../arm-none-eabi/lib/thumb/v7e-m\libc_nano.a(lib_a-localeconv.o)
                0x08002d38                _localeconv_r
 .text.malloc   0x08002d54       0x10 c:/program files/pros/toolchain/usr/bin/../lib/gcc/arm-none-eabi/7.2.1/../../../../arm-none-eabi/lib/thumb/v7e-m\libc_nano.a(lib_a-malloc.o)
                0x08002d54                malloc
 .text.memcpy   0x08002d64       0x16 c:/program files/pros/toolchain/usr/bin/../lib/gcc/arm-none-eabi/7.2.1/../../../../arm-none-eabi/lib/thumb/v7e-m\libc_nano.a(lib_a-memcpy-stub.o)
                0x08002d64                memcpy
 .text._Balloc  0x08002d7a       0x68 c:/program files/pros/toolchain/usr/bin/../lib/gcc/arm-none-eabi/7.2.1/../../../../arm-none-eabi/lib/thumb/v7e-m\libc_nano.a(lib_a-mprec.o)
                0x08002d7a                _Balloc
 .text._Bfree   0x08002de2       0x2e c:/program files/pros/toolchain/usr/bin/../lib/gcc/arm-none-eabi/7.2.1/../../../../arm-none-eabi/lib/thumb/v7e-m\libc_nano.a(lib_a-mprec.o)
                0x08002de2                _Bfree
 .text.__multadd
                0x08002e10       0x76 c:/program files/pros/toolchain/usr/bin/../lib/gcc/arm-none-eabi/7.2.1/../../../../arm-none-eabi/lib/thumb/v7e-m\libc_nano.a(lib_a-mprec.o)
                0x08002e10                __multadd
 .text.__hi0bits
                0x08002e86       0x3e c:/program files/pros/toolchain/usr/bin/../lib/gcc/arm-none-eabi/7.2.1/../../../../arm-none-eabi/lib/thumb/v7e-m\libc_nano.a(lib_a-mprec.o)
                0x08002e86                __hi0bits
 .text.__lo0bits
                0x08002ec4       0x5e c:/program files/pros/toolchain/usr/bin/../lib/gcc/arm-none-eabi/7.2.1/../../../../arm-none-eabi/lib/thumb/v7e-m\libc_nano.a(lib_a-mprec.o)
                0x08002ec4                __lo0bits
 .text.__i2b    0x08002f22       0x12 c:/program files/pros/toolchain/usr/bin/../lib/gcc/arm-none-eabi/7.2.1/../../../../arm-none-eabi/lib/thumb/v7e-m\libc_nano.a(lib_a-mprec.o)
                0x08002f22                __i2b
 .text.__multiply
                0x08002f34      0x12c c:/program files/pros/toolchain/usr/bin/../lib/gcc/arm-none-eabi/7.2.1/../../../../arm-none-eabi/lib/thumb/v7e-m\libc_nano.a(lib_a-mprec.o)
                0x08002f34                __multiply
 .text.__pow5mult
                0x08003060       0x9c c:/program files/pros/toolchain/usr/bin/../lib/gcc/arm-none-eabi/7.2.1/../../../../arm-none-eabi/lib/thumb/v7e-m\libc_nano.a(lib_a-mprec.o)
                0x08003060                __pow5mult
 .text.__lshift
                0x080030fc       0xa8 c:/program files/pros/toolchain/usr/bin/../lib/gcc/arm-none-eabi/7.2.1/../../../../arm-none-eabi/lib/thumb/v7e-m\libc_nano.a(lib_a-mprec.o)
                0x080030fc                __lshift
 .text.__mcmp   0x080031a4       0x34 c:/program files/pros/toolchain/usr/bin/../lib/gcc/arm-none-eabi/7.2.1/../../../../arm-none-eabi/lib/thumb/v7e-m\libc_nano.a(lib_a-mprec.o)
                0x080031a4                __mcmp
 .text.__mdiff  0x080031d8       0xba c:/program files/pros/toolchain/usr/bin/../lib/gcc/arm-none-eabi/7.2.1/../../../../arm-none-eabi/lib/thumb/v7e-m\libc_nano.a(lib_a-mprec.o)
                0x080031d8                __mdiff
 .text.__d2b    0x08003292       0x9e c:/program files/pros/toolchain/usr/bin/../lib/gcc/arm-none-eabi/7.2.1/../../../../arm-none-eabi/lib/thumb/v7e-m\libc_nano.a(lib_a-mprec.o)
                0x08003292                __d2b
 .text._calloc_r
                0x08003330       0x1c c:/program files/pros/toolchain/usr/bin/../lib/gcc/arm-none-eabi/7.2.1/../../../../arm-none-eabi/lib/thumb/v7e-m\libc_nano.a(lib_a-nano-callocr.o)
                0x08003330                _calloc_r
 .text._free_r  0x0800334c       0x9c c:/program files/pros/toolchain/usr/bin/../lib/gcc/arm-none-eabi/7.2.1/../../../../arm-none-eabi/lib/thumb/v7e-m\libc_nano.a(lib_a-nano-freer.o)
                0x0800334c                _free_r
 .text._malloc_r
                0x080033e8       0xb4 c:/program files/pros/toolchain/usr/bin/../lib/gcc/arm-none-eabi/7.2.1/../../../../arm-none-eabi/lib/thumb/v7e-m\libc_nano.a(lib_a-nano-mallocr.o)
                0x080033e8                _malloc_r
 .text.__sfputc_r
                0x0800349c       0x2a c:/program files/pros/toolchain/usr/bin/../lib/gcc/arm-none-eabi/7.2.1/../../../../arm-none-eabi/lib/thumb/v7e-m\libc_nano.a(lib_a-nano-vfprintf.o)
 .text.__sfputs_r
                0x080034c6       0x24 c:/program files/pros/toolchain/usr/bin/../lib/gcc/arm-none-eabi/7.2.1/../../../../arm-none-eabi/lib/thumb/v7e-m\libc_nano.a(lib_a-nano-vfprintf.o)
                0x080034c6                __sfputs_r
 *fill*         0x080034ea        0x2 
 .text._vfprintf_r
                0x080034ec      0x228 c:/program files/pros/toolchain/usr/bin/../lib/gcc/arm-none-eabi/7.2.1/../../../../arm-none-eabi/lib/thumb/v7e-m\libc_nano.a(lib_a-nano-vfprintf.o)
                0x080034ec                _vfprintf_r
                0x080034ec                _vfiprintf_r
 .text._sbrk_r  0x08003714       0x20 c:/program files/pros/toolchain/usr/bin/../lib/gcc/arm-none-eabi/7.2.1/../../../../arm-none-eabi/lib/thumb/v7e-m\libc_nano.a(lib_a-sbrkr.o)
                0x08003714                _sbrk_r
 .text.__sread  0x08003734       0x22 c:/program files/pros/toolchain/usr/bin/../lib/gcc/arm-none-eabi/7.2.1/../../../../arm-none-eabi/lib/thumb/v7e-m\libc_nano.a(lib_a-stdio.o)
                0x08003734                __sread
 .text.__swrite
                0x08003756       0x38 c:/program files/pros/toolchain/usr/bin/../lib/gcc/arm-none-eabi/7.2.1/../../../../arm-none-eabi/lib/thumb/v7e-m\libc_nano.a(lib_a-stdio.o)
                0x08003756                __swrite
 .text.__sseek  0x0800378e       0x24 c:/program files/pros/toolchain/usr/bin/../lib/gcc/arm-none-eabi/7.2.1/../../../../arm-none-eabi/lib/thumb/v7e-m\libc_nano.a(lib_a-stdio.o)
                0x0800378e                __sseek
 .text.__sclose
                0x080037b2        0x8 c:/program files/pros/toolchain/usr/bin/../lib/gcc/arm-none-eabi/7.2.1/../../../../arm-none-eabi/lib/thumb/v7e-m\libc_nano.a(lib_a-stdio.o)
                0x080037b2                __sclose
 *fill*         0x080037ba        0x2 
 .text.__swbuf_r
                0x080037bc       0xa4 c:/program files/pros/toolchain/usr/bin/../lib/gcc/arm-none-eabi/7.2.1/../../../../arm-none-eabi/lib/thumb/v7e-m\libc_nano.a(lib_a-wbuf.o)
                0x080037bc                __swbuf_r
 .text._write_r
                0x08003860       0x24 c:/program files/pros/toolchain/usr/bin/../lib/gcc/arm-none-eabi/7.2.1/../../../../arm-none-eabi/lib/thumb/v7e-m\libc_nano.a(lib_a-writer.o)
                0x08003860                _write_r
 .text.__swsetup_r
                0x08003884       0xdc c:/program files/pros/toolchain/usr/bin/../lib/gcc/arm-none-eabi/7.2.1/../../../../arm-none-eabi/lib/thumb/v7e-m\libc_nano.a(lib_a-wsetup.o)
                0x08003884                __swsetup_r
 .text._close_r
                0x08003960       0x20 c:/program files/pros/toolchain/usr/bin/../lib/gcc/arm-none-eabi/7.2.1/../../../../arm-none-eabi/lib/thumb/v7e-m\libc_nano.a(lib_a-closer.o)
                0x08003960                _close_r
 .text.__sflush_r
                0x08003980      0x10c c:/program files/pros/toolchain/usr/bin/../lib/gcc/arm-none-eabi/7.2.1/../../../../arm-none-eabi/lib/thumb/v7e-m\libc_nano.a(lib_a-fflush.o)
                0x08003980                __sflush_r
 .text._fflush_r
                0x08003a8c       0x54 c:/program files/pros/toolchain/usr/bin/../lib/gcc/arm-none-eabi/7.2.1/../../../../arm-none-eabi/lib/thumb/v7e-m\libc_nano.a(lib_a-fflush.o)
                0x08003a8c                _fflush_r
 .text._lseek_r
                0x08003ae0       0x24 c:/program files/pros/toolchain/usr/bin/../lib/gcc/arm-none-eabi/7.2.1/../../../../arm-none-eabi/lib/thumb/v7e-m\libc_nano.a(lib_a-lseekr.o)
                0x08003ae0                _lseek_r
 .text.__swhatbuf_r
                0x08003b04       0x48 c:/program files/pros/toolchain/usr/bin/../lib/gcc/arm-none-eabi/7.2.1/../../../../arm-none-eabi/lib/thumb/v7e-m\libc_nano.a(lib_a-makebuf.o)
                0x08003b04                __swhatbuf_r
 .text.__smakebuf_r
                0x08003b4c       0x80 c:/program files/pros/toolchain/usr/bin/../lib/gcc/arm-none-eabi/7.2.1/../../../../arm-none-eabi/lib/thumb/v7e-m\libc_nano.a(lib_a-makebuf.o)
                0x08003b4c                __smakebuf_r
 .text.__ascii_mbtowc
                0x08003bcc       0x24 c:/program files/pros/toolchain/usr/bin/../lib/gcc/arm-none-eabi/7.2.1/../../../../arm-none-eabi/lib/thumb/v7e-m\libc_nano.a(lib_a-mbtowc_r.o)
                0x08003bcc                __ascii_mbtowc
 .text.__malloc_lock
                0x08003bf0        0x2 c:/program files/pros/toolchain/usr/bin/../lib/gcc/arm-none-eabi/7.2.1/../../../../arm-none-eabi/lib/thumb/v7e-m\libc_nano.a(lib_a-mlock.o)
                0x08003bf0                __malloc_lock
 .text.__malloc_unlock
                0x08003bf2        0x2 c:/program files/pros/toolchain/usr/bin/../lib/gcc/arm-none-eabi/7.2.1/../../../../arm-none-eabi/lib/thumb/v7e-m\libc_nano.a(lib_a-mlock.o)
                0x08003bf2                __malloc_unlock
 .text._read_r  0x08003bf4       0x24 c:/program files/pros/toolchain/usr/bin/../lib/gcc/arm-none-eabi/7.2.1/../../../../arm-none-eabi/lib/thumb/v7e-m\libc_nano.a(lib_a-readr.o)
                0x08003bf4                _read_r
 .text.__ascii_wctomb
                0x08003c18       0x1a c:/program files/pros/toolchain/usr/bin/../lib/gcc/arm-none-eabi/7.2.1/../../../../arm-none-eabi/lib/thumb/v7e-m\libc_nano.a(lib_a-wctomb_r.o)
                0x08003c18                __ascii_wctomb
 *fill*         0x08003c32        0x2 
 .text._fstat_r
                0x08003c34       0x24 c:/program files/pros/toolchain/usr/bin/../lib/gcc/arm-none-eabi/7.2.1/../../../../arm-none-eabi/lib/thumb/v7e-m\libc_nano.a(lib_a-fstatr.o)
                0x08003c34                _fstat_r
 .text._isatty_r
                0x08003c58       0x20 c:/program files/pros/toolchain/usr/bin/../lib/gcc/arm-none-eabi/7.2.1/../../../../arm-none-eabi/lib/thumb/v7e-m\libc_nano.a(lib_a-isattyr.o)
                0x08003c58                _isatty_r
 *(.glue_7)
 .glue_7        0x08003c78        0x0 linker stubs
 *(.glue_7t)
 .glue_7t       0x08003c78        0x0 linker stubs
 *(.eh_frame)
 .eh_frame      0x08003c78        0x0 c:/program files/pros/toolchain/usr/bin/../lib/gcc/arm-none-eabi/7.2.1/thumb/v7e-m/crtbegin.o
 *(.init)
 .init          0x08003c78        0x4 c:/program files/pros/toolchain/usr/bin/../lib/gcc/arm-none-eabi/7.2.1/thumb/v7e-m/crti.o
                0x08003c78                _init
 .init          0x08003c7c        0x8 c:/program files/pros/toolchain/usr/bin/../lib/gcc/arm-none-eabi/7.2.1/thumb/v7e-m/crtn.o
 *(.fini)
 .fini          0x08003c84        0x4 c:/program files/pros/toolchain/usr/bin/../lib/gcc/arm-none-eabi/7.2.1/thumb/v7e-m/crti.o
                0x08003c84                _fini
 .fini          0x08003c88        0x8 c:/program files/pros/toolchain/usr/bin/../lib/gcc/arm-none-eabi/7.2.1/thumb/v7e-m/crtn.o
                0x08003c90                . = ALIGN (0x4)
                0x08003c90                _etext = .

.vfp11_veneer   0x08003c90        0x0
 .vfp11_veneer  0x08003c90        0x0 linker stubs

.v4_bx          0x08003c90        0x0
 .v4_bx         0x08003c90        0x0 linker stubs

.iplt           0x08003c90        0x0
 .iplt          0x08003c90        0x0 c:/program files/pros/toolchain/usr/bin/../lib/gcc/arm-none-eabi/7.2.1/thumb/v7e-m/crtbegin.o

.rodata         0x08003c90      0x2d8
                0x08003c90                . = ALIGN (0x4)
 *(.rodata)
 .rodata        0x08003c90       0x11 CMakeFiles/blinky-led.dir/Project/src/main.c.obj
 *(.rodata*)
 *fill*         0x08003ca1        0x3 
 .rodata._global_impure_ptr
                0x08003ca4        0x4 c:/program files/pros/toolchain/usr/bin/../lib/gcc/arm-none-eabi/7.2.1/../../../../arm-none-eabi/lib/thumb/v7e-m\libc_nano.a(lib_a-impure.o)
                0x08003ca4                _global_impure_ptr
 .rodata._printf_float.str1.1
                0x08003ca8       0x12 c:/program files/pros/toolchain/usr/bin/../lib/gcc/arm-none-eabi/7.2.1/../../../../arm-none-eabi/lib/thumb/v7e-m\libc_nano.a(lib_a-nano-vfprintf_float.o)
 .rodata._printf_i.str1.1
                0x08003cba       0x22 c:/program files/pros/toolchain/usr/bin/../lib/gcc/arm-none-eabi/7.2.1/../../../../arm-none-eabi/lib/thumb/v7e-m\libc_nano.a(lib_a-nano-vfprintf_i.o)
 .rodata._dtoa_r.str1.1
                0x08003cdc        0xd c:/program files/pros/toolchain/usr/bin/../lib/gcc/arm-none-eabi/7.2.1/../../../../arm-none-eabi/lib/thumb/v7e-m\libc_nano.a(lib_a-dtoa.o)
                                  0xf (size before relaxing)
 *fill*         0x08003ce9        0x3 
 .rodata.__sf_fake_stderr
                0x08003cec       0x20 c:/program files/pros/toolchain/usr/bin/../lib/gcc/arm-none-eabi/7.2.1/../../../../arm-none-eabi/lib/thumb/v7e-m\libc_nano.a(lib_a-findfp.o)
                0x08003cec                __sf_fake_stderr
 .rodata.__sf_fake_stdin
                0x08003d0c       0x20 c:/program files/pros/toolchain/usr/bin/../lib/gcc/arm-none-eabi/7.2.1/../../../../arm-none-eabi/lib/thumb/v7e-m\libc_nano.a(lib_a-findfp.o)
                0x08003d0c                __sf_fake_stdin
 .rodata.__sf_fake_stdout
                0x08003d2c       0x20 c:/program files/pros/toolchain/usr/bin/../lib/gcc/arm-none-eabi/7.2.1/../../../../arm-none-eabi/lib/thumb/v7e-m\libc_nano.a(lib_a-findfp.o)
                0x08003d2c                __sf_fake_stdout
 *fill*         0x08003d4c        0x4 
 .rodata.__mprec_bigtens
                0x08003d50       0x28 c:/program files/pros/toolchain/usr/bin/../lib/gcc/arm-none-eabi/7.2.1/../../../../arm-none-eabi/lib/thumb/v7e-m\libc_nano.a(lib_a-mprec.o)
                0x08003d50                __mprec_bigtens
 .rodata.__mprec_tens
                0x08003d78       0xc8 c:/program files/pros/toolchain/usr/bin/../lib/gcc/arm-none-eabi/7.2.1/../../../../arm-none-eabi/lib/thumb/v7e-m\libc_nano.a(lib_a-mprec.o)
                0x08003d78                __mprec_tens
 .rodata.p05.6084
                0x08003e40        0xc c:/program files/pros/toolchain/usr/bin/../lib/gcc/arm-none-eabi/7.2.1/../../../../arm-none-eabi/lib/thumb/v7e-m\libc_nano.a(lib_a-mprec.o)
 .rodata._vfprintf_r.str1.1
                0x08003e4c       0x11 c:/program files/pros/toolchain/usr/bin/../lib/gcc/arm-none-eabi/7.2.1/../../../../arm-none-eabi/lib/thumb/v7e-m\libc_nano.a(lib_a-nano-vfprintf.o)
 .rodata._setlocale_r.str1.1
                0x08003e5d        0x8 c:/program files/pros/toolchain/usr/bin/../lib/gcc/arm-none-eabi/7.2.1/../../../../arm-none-eabi/lib/thumb/v7e-m\libc_nano.a(lib_a-locale.o)
                                  0x9 (size before relaxing)
 .rodata.str1.1
                0x08003e65        0x2 c:/program files/pros/toolchain/usr/bin/../lib/gcc/arm-none-eabi/7.2.1/../../../../arm-none-eabi/lib/thumb/v7e-m\libc_nano.a(lib_a-locale.o)
 .rodata._ctype_
                0x08003e67      0x101 c:/program files/pros/toolchain/usr/bin/../lib/gcc/arm-none-eabi/7.2.1/../../../../arm-none-eabi/lib/thumb/v7e-m\libc_nano.a(lib_a-ctype_.o)
                0x08003e67                _ctype_
                0x08003f68                . = ALIGN (0x4)

.rel.dyn        0x08003f68        0x0
 .rel.iplt      0x08003f68        0x0 c:/program files/pros/toolchain/usr/bin/../lib/gcc/arm-none-eabi/7.2.1/thumb/v7e-m/crtbegin.o

.ARM.extab      0x08003f68        0x0
                0x08003f68                . = ALIGN (0x4)
 *(.ARM.extab* .gnu.linkonce.armextab.*)
                0x08003f68                . = ALIGN (0x4)

.ARM            0x08003f68        0x0
                0x08003f68                . = ALIGN (0x4)
                0x08003f68                __exidx_start = .
 *(.ARM.exidx*)
                0x08003f68                __exidx_end = .
                0x08003f68                . = ALIGN (0x4)

.preinit_array  0x08003f68        0x0
                0x08003f68                . = ALIGN (0x4)
                0x08003f68                PROVIDE (__preinit_array_start, .)
 *(.preinit_array*)
                0x08003f68                PROVIDE (__preinit_array_end, .)
                0x08003f68                . = ALIGN (0x4)

.init_array     0x08003f68        0x4
                0x08003f68                . = ALIGN (0x4)
                0x08003f68                PROVIDE (__init_array_start, .)
 *(SORT_BY_NAME(.init_array.*))
 *(.init_array*)
 .init_array    0x08003f68        0x4 c:/program files/pros/toolchain/usr/bin/../lib/gcc/arm-none-eabi/7.2.1/thumb/v7e-m/crtbegin.o
                0x08003f6c                PROVIDE (__init_array_end, .)
                0x08003f6c                . = ALIGN (0x4)

.fini_array     0x08003f6c        0x4
                0x08003f6c                . = ALIGN (0x4)
                [!provide]                PROVIDE (__fini_array_start, .)
 *(SORT_BY_NAME(.fini_array.*))
 *(.fini_array*)
 .fini_array    0x08003f6c        0x4 c:/program files/pros/toolchain/usr/bin/../lib/gcc/arm-none-eabi/7.2.1/thumb/v7e-m/crtbegin.o
                [!provide]                PROVIDE (__fini_array_end, .)
                0x08003f70                . = ALIGN (0x4)
                0x08003f70                _sidata = LOADADDR (.data)

.data           0x20000000      0x1d8 load address 0x08003f70
                0x20000000                . = ALIGN (0x4)
                0x20000000                _sdata = .
 *(.data)
 *(.data*)
 .data.s_ticks  0x20000000        0x4 CMakeFiles/blinky-led.dir/Project/src/main.c.obj
 .data.led_on   0x20000004        0x1 CMakeFiles/blinky-led.dir/Project/src/main.c.obj
                0x20000004                led_on
 *fill*         0x20000005        0x3 
 .data._impure_ptr
                0x20000008        0x4 c:/program files/pros/toolchain/usr/bin/../lib/gcc/arm-none-eabi/7.2.1/../../../../arm-none-eabi/lib/thumb/v7e-m\libc_nano.a(lib_a-impure.o)
                0x20000008                _impure_ptr
 .data.impure_data
                0x2000000c       0x60 c:/program files/pros/toolchain/usr/bin/../lib/gcc/arm-none-eabi/7.2.1/../../../../arm-none-eabi/lib/thumb/v7e-m\libc_nano.a(lib_a-impure.o)
 .data.__global_locale
                0x2000006c      0x16c c:/program files/pros/toolchain/usr/bin/../lib/gcc/arm-none-eabi/7.2.1/../../../../arm-none-eabi/lib/thumb/v7e-m\libc_nano.a(lib_a-locale.o)
                0x2000006c                __global_locale
 *(.RamFunc)
 *(.RamFunc*)
                0x200001d8                . = ALIGN (0x4)
                0x200001d8                _edata = .

.igot.plt       0x200001d8        0x0 load address 0x08004148
 .igot.plt      0x200001d8        0x0 c:/program files/pros/toolchain/usr/bin/../lib/gcc/arm-none-eabi/7.2.1/thumb/v7e-m/crtbegin.o
                0x200001d8                . = ALIGN (0x4)

.bss            0x200001d8       0x2c load address 0x08004148
                0x200001d8                _sbss = .
                0x200001d8                __bss_start__ = _sbss
 *(.bss)
 .bss           0x200001d8       0x1c c:/program files/pros/toolchain/usr/bin/../lib/gcc/arm-none-eabi/7.2.1/thumb/v7e-m/crtbegin.o
 *(.bss*)
 .bss.__sbrk_heap_end
                0x200001f4        0x4 CMakeFiles/blinky-led.dir/Project/src/syscalls.c.obj
 .bss.__malloc_free_list
                0x200001f8        0x4 c:/program files/pros/toolchain/usr/bin/../lib/gcc/arm-none-eabi/7.2.1/../../../../arm-none-eabi/lib/thumb/v7e-m\libc_nano.a(lib_a-nano-mallocr.o)
                0x200001f8                __malloc_free_list
 .bss.__malloc_sbrk_start
                0x200001fc        0x4 c:/program files/pros/toolchain/usr/bin/../lib/gcc/arm-none-eabi/7.2.1/../../../../arm-none-eabi/lib/thumb/v7e-m\libc_nano.a(lib_a-nano-mallocr.o)
                0x200001fc                __malloc_sbrk_start
 *(COMMON)
 COMMON         0x20000200        0x4 c:/program files/pros/toolchain/usr/bin/../lib/gcc/arm-none-eabi/7.2.1/../../../../arm-none-eabi/lib/thumb/v7e-m\libc_nano.a(lib_a-reent.o)
                0x20000200                errno
                0x20000204                . = ALIGN (0x4)
                0x20000204                _ebss = .
                0x20000204                __bss_end__ = _ebss

._user_heap_stack
                0x20000204      0x604 load address 0x08004148
                0x20000208                . = ALIGN (0x8)
 *fill*         0x20000204        0x4 
                [!provide]                PROVIDE (end, .)
                0x20000208                PROVIDE (_end, .)
                0x20000408                . = (. + _Min_Heap_Size)
 *fill*         0x20000208      0x200 
                0x20000808                . = (. + _Min_Stack_Size)
 *fill*         0x20000408      0x400 
                0x20000808                . = ALIGN (0x8)

/DISCARD/
 libc.a(*)
 libm.a(*)
 libgcc.a(*)

.ARM.attributes
                0x00000000       0x2a
 *(.ARM.attributes)
 .ARM.attributes
                0x00000000       0x1e c:/program files/pros/toolchain/usr/bin/../lib/gcc/arm-none-eabi/7.2.1/thumb/v7e-m/crti.o
 .ARM.attributes
                0x0000001e       0x2e c:/program files/pros/toolchain/usr/bin/../lib/gcc/arm-none-eabi/7.2.1/thumb/v7e-m/crtbegin.o
 .ARM.attributes
                0x0000004c       0x33 CMakeFiles/blinky-led.dir/Project/src/main.c.obj
 .ARM.attributes
                0x0000007f       0x33 CMakeFiles/blinky-led.dir/Project/src/syscalls.c.obj
 .ARM.attributes
                0x000000b2       0x21 CMakeFiles/blinky-led.dir/core/startup_stm32f446retx.s.obj
 .ARM.attributes
                0x000000d3       0x1e c:/program files/pros/toolchain/usr/bin/../lib/gcc/arm-none-eabi/7.2.1/thumb/v7e-m\libgcc.a(_arm_addsubdf3.o)
 .ARM.attributes
                0x000000f1       0x1e c:/program files/pros/toolchain/usr/bin/../lib/gcc/arm-none-eabi/7.2.1/thumb/v7e-m\libgcc.a(_arm_truncdfsf2.o)
 .ARM.attributes
                0x0000010f       0x1e c:/program files/pros/toolchain/usr/bin/../lib/gcc/arm-none-eabi/7.2.1/thumb/v7e-m\libgcc.a(_arm_muldivsf3.o)
 .ARM.attributes
                0x0000012d       0x1e c:/program files/pros/toolchain/usr/bin/../lib/gcc/arm-none-eabi/7.2.1/thumb/v7e-m\libgcc.a(_arm_fixsfsi.o)
 .ARM.attributes
                0x0000014b       0x2e c:/program files/pros/toolchain/usr/bin/../lib/gcc/arm-none-eabi/7.2.1/../../../../arm-none-eabi/lib/thumb/v7e-m\libc_nano.a(lib_a-impure.o)
 .ARM.attributes
                0x00000179       0x2e c:/program files/pros/toolchain/usr/bin/../lib/gcc/arm-none-eabi/7.2.1/../../../../arm-none-eabi/lib/thumb/v7e-m\libc_nano.a(lib_a-init.o)
 .ARM.attributes
                0x000001a7       0x2e c:/program files/pros/toolchain/usr/bin/../lib/gcc/arm-none-eabi/7.2.1/../../../../arm-none-eabi/lib/thumb/v7e-m\libc_nano.a(lib_a-memset.o)
 .ARM.attributes
                0x000001d5       0x2e c:/program files/pros/toolchain/usr/bin/../lib/gcc/arm-none-eabi/7.2.1/../../../../arm-none-eabi/lib/thumb/v7e-m\libc_nano.a(lib_a-nano-vfprintf_float.o)
 .ARM.attributes
                0x00000203       0x2e c:/program files/pros/toolchain/usr/bin/../lib/gcc/arm-none-eabi/7.2.1/../../../../arm-none-eabi/lib/thumb/v7e-m\libc_nano.a(lib_a-nano-vfprintf_i.o)
 .ARM.attributes
                0x00000231       0x2e c:/program files/pros/toolchain/usr/bin/../lib/gcc/arm-none-eabi/7.2.1/../../../../arm-none-eabi/lib/thumb/v7e-m\libc_nano.a(lib_a-printf.o)
 .ARM.attributes
                0x0000025f       0x17 c:/program files/pros/toolchain/usr/bin/../lib/gcc/arm-none-eabi/7.2.1/../../../../arm-none-eabi/lib/thumb/v7e-m\libc_nano.a(lib_a-strlen.o)
 .ARM.attributes
                0x00000276       0x2e c:/program files/pros/toolchain/usr/bin/../lib/gcc/arm-none-eabi/7.2.1/../../../../arm-none-eabi/lib/thumb/v7e-m\libc_nano.a(lib_a-dtoa.o)
 .ARM.attributes
                0x000002a4       0x2e c:/program files/pros/toolchain/usr/bin/../lib/gcc/arm-none-eabi/7.2.1/../../../../arm-none-eabi/lib/thumb/v7e-m\libc_nano.a(lib_a-findfp.o)
 .ARM.attributes
                0x000002d2       0x2e c:/program files/pros/toolchain/usr/bin/../lib/gcc/arm-none-eabi/7.2.1/../../../../arm-none-eabi/lib/thumb/v7e-m\libc_nano.a(lib_a-fwalk.o)
 .ARM.attributes
                0x00000300       0x2e c:/program files/pros/toolchain/usr/bin/../lib/gcc/arm-none-eabi/7.2.1/../../../../arm-none-eabi/lib/thumb/v7e-m\libc_nano.a(lib_a-localeconv.o)
 .ARM.attributes
                0x0000032e       0x2e c:/program files/pros/toolchain/usr/bin/../lib/gcc/arm-none-eabi/7.2.1/../../../../arm-none-eabi/lib/thumb/v7e-m\libc_nano.a(lib_a-malloc.o)
 .ARM.attributes
                0x0000035c       0x1c c:/program files/pros/toolchain/usr/bin/../lib/gcc/arm-none-eabi/7.2.1/../../../../arm-none-eabi/lib/thumb/v7e-m\libc_nano.a(lib_a-memchr.o)
 .ARM.attributes
                0x00000378       0x2e c:/program files/pros/toolchain/usr/bin/../lib/gcc/arm-none-eabi/7.2.1/../../../../arm-none-eabi/lib/thumb/v7e-m\libc_nano.a(lib_a-memcpy-stub.o)
 .ARM.attributes
                0x000003a6       0x2e c:/program files/pros/toolchain/usr/bin/../lib/gcc/arm-none-eabi/7.2.1/../../../../arm-none-eabi/lib/thumb/v7e-m\libc_nano.a(lib_a-mprec.o)
 .ARM.attributes
                0x000003d4       0x2e c:/program files/pros/toolchain/usr/bin/../lib/gcc/arm-none-eabi/7.2.1/../../../../arm-none-eabi/lib/thumb/v7e-m\libc_nano.a(lib_a-nano-callocr.o)
 .ARM.attributes
                0x00000402       0x2e c:/program files/pros/toolchain/usr/bin/../lib/gcc/arm-none-eabi/7.2.1/../../../../arm-none-eabi/lib/thumb/v7e-m\libc_nano.a(lib_a-nano-freer.o)
 .ARM.attributes
                0x00000430       0x2e c:/program files/pros/toolchain/usr/bin/../lib/gcc/arm-none-eabi/7.2.1/../../../../arm-none-eabi/lib/thumb/v7e-m\libc_nano.a(lib_a-nano-mallocr.o)
 .ARM.attributes
                0x0000045e       0x2e c:/program files/pros/toolchain/usr/bin/../lib/gcc/arm-none-eabi/7.2.1/../../../../arm-none-eabi/lib/thumb/v7e-m\libc_nano.a(lib_a-nano-vfprintf.o)
 .ARM.attributes
                0x0000048c       0x2e c:/program files/pros/toolchain/usr/bin/../lib/gcc/arm-none-eabi/7.2.1/../../../../arm-none-eabi/lib/thumb/v7e-m\libc_nano.a(lib_a-sbrkr.o)
 .ARM.attributes
                0x000004ba       0x2e c:/program files/pros/toolchain/usr/bin/../lib/gcc/arm-none-eabi/7.2.1/../../../../arm-none-eabi/lib/thumb/v7e-m\libc_nano.a(lib_a-stdio.o)
 .ARM.attributes
                0x000004e8       0x2e c:/program files/pros/toolchain/usr/bin/../lib/gcc/arm-none-eabi/7.2.1/../../../../arm-none-eabi/lib/thumb/v7e-m\libc_nano.a(lib_a-wbuf.o)
 .ARM.attributes
                0x00000516       0x2e c:/program files/pros/toolchain/usr/bin/../lib/gcc/arm-none-eabi/7.2.1/../../../../arm-none-eabi/lib/thumb/v7e-m\libc_nano.a(lib_a-writer.o)
 .ARM.attributes
                0x00000544       0x2e c:/program files/pros/toolchain/usr/bin/../lib/gcc/arm-none-eabi/7.2.1/../../../../arm-none-eabi/lib/thumb/v7e-m\libc_nano.a(lib_a-wsetup.o)
 .ARM.attributes
                0x00000572       0x2e c:/program files/pros/toolchain/usr/bin/../lib/gcc/arm-none-eabi/7.2.1/../../../../arm-none-eabi/lib/thumb/v7e-m\libc_nano.a(lib_a-closer.o)
 .ARM.attributes
                0x000005a0       0x2e c:/program files/pros/toolchain/usr/bin/../lib/gcc/arm-none-eabi/7.2.1/../../../../arm-none-eabi/lib/thumb/v7e-m\libc_nano.a(lib_a-fflush.o)
 .ARM.attributes
                0x000005ce       0x2e c:/program files/pros/toolchain/usr/bin/../lib/gcc/arm-none-eabi/7.2.1/../../../../arm-none-eabi/lib/thumb/v7e-m\libc_nano.a(lib_a-locale.o)
 .ARM.attributes
                0x000005fc       0x2e c:/program files/pros/toolchain/usr/bin/../lib/gcc/arm-none-eabi/7.2.1/../../../../arm-none-eabi/lib/thumb/v7e-m\libc_nano.a(lib_a-lseekr.o)
 .ARM.attributes
                0x0000062a       0x2e c:/program files/pros/toolchain/usr/bin/../lib/gcc/arm-none-eabi/7.2.1/../../../../arm-none-eabi/lib/thumb/v7e-m\libc_nano.a(lib_a-makebuf.o)
 .ARM.attributes
                0x00000658       0x2e c:/program files/pros/toolchain/usr/bin/../lib/gcc/arm-none-eabi/7.2.1/../../../../arm-none-eabi/lib/thumb/v7e-m\libc_nano.a(lib_a-mbtowc_r.o)
 .ARM.attributes
                0x00000686       0x2e c:/program files/pros/toolchain/usr/bin/../lib/gcc/arm-none-eabi/7.2.1/../../../../arm-none-eabi/lib/thumb/v7e-m\libc_nano.a(lib_a-mlock.o)
 .ARM.attributes
                0x000006b4       0x2e c:/program files/pros/toolchain/usr/bin/../lib/gcc/arm-none-eabi/7.2.1/../../../../arm-none-eabi/lib/thumb/v7e-m\libc_nano.a(lib_a-readr.o)
 .ARM.attributes
                0x000006e2       0x2e c:/program files/pros/toolchain/usr/bin/../lib/gcc/arm-none-eabi/7.2.1/../../../../arm-none-eabi/lib/thumb/v7e-m\libc_nano.a(lib_a-reent.o)
 .ARM.attributes
                0x00000710       0x2e c:/program files/pros/toolchain/usr/bin/../lib/gcc/arm-none-eabi/7.2.1/../../../../arm-none-eabi/lib/thumb/v7e-m\libc_nano.a(lib_a-wctomb_r.o)
 .ARM.attributes
                0x0000073e       0x2e c:/program files/pros/toolchain/usr/bin/../lib/gcc/arm-none-eabi/7.2.1/../../../../arm-none-eabi/lib/thumb/v7e-m\libc_nano.a(lib_a-ctype_.o)
 .ARM.attributes
                0x0000076c       0x2e c:/program files/pros/toolchain/usr/bin/../lib/gcc/arm-none-eabi/7.2.1/../../../../arm-none-eabi/lib/thumb/v7e-m\libc_nano.a(lib_a-fstatr.o)
 .ARM.attributes
                0x0000079a       0x2e c:/program files/pros/toolchain/usr/bin/../lib/gcc/arm-none-eabi/7.2.1/../../../../arm-none-eabi/lib/thumb/v7e-m\libc_nano.a(lib_a-isattyr.o)
 .ARM.attributes
                0x000007c8       0x1e c:/program files/pros/toolchain/usr/bin/../lib/gcc/arm-none-eabi/7.2.1/thumb/v7e-m\libgcc.a(_arm_muldivdf3.o)
 .ARM.attributes
                0x000007e6       0x1e c:/program files/pros/toolchain/usr/bin/../lib/gcc/arm-none-eabi/7.2.1/thumb/v7e-m\libgcc.a(_arm_cmpdf2.o)
 .ARM.attributes
                0x00000804       0x1e c:/program files/pros/toolchain/usr/bin/../lib/gcc/arm-none-eabi/7.2.1/thumb/v7e-m\libgcc.a(_arm_unorddf2.o)
 .ARM.attributes
                0x00000822       0x1e c:/program files/pros/toolchain/usr/bin/../lib/gcc/arm-none-eabi/7.2.1/thumb/v7e-m\libgcc.a(_arm_fixdfsi.o)
 .ARM.attributes
                0x00000840       0x1e c:/program files/pros/toolchain/usr/bin/../lib/gcc/arm-none-eabi/7.2.1/thumb/v7e-m/crtn.o
OUTPUT(blinky-led.elf elf32-littlearm)

.debug_info     0x00000000     0x247e
 .debug_info    0x00000000     0x14d5 CMakeFiles/blinky-led.dir/Project/src/main.c.obj
 .debug_info    0x000014d5      0xf87 CMakeFiles/blinky-led.dir/Project/src/syscalls.c.obj
 .debug_info    0x0000245c       0x22 CMakeFiles/blinky-led.dir/core/startup_stm32f446retx.s.obj

.debug_abbrev   0x00000000      0x55f
 .debug_abbrev  0x00000000      0x2fc CMakeFiles/blinky-led.dir/Project/src/main.c.obj
 .debug_abbrev  0x000002fc      0x251 CMakeFiles/blinky-led.dir/Project/src/syscalls.c.obj
 .debug_abbrev  0x0000054d       0x12 CMakeFiles/blinky-led.dir/core/startup_stm32f446retx.s.obj

.debug_aranges  0x00000000      0x138
 .debug_aranges
                0x00000000       0x68 CMakeFiles/blinky-led.dir/Project/src/main.c.obj
 .debug_aranges
                0x00000068       0xa8 CMakeFiles/blinky-led.dir/Project/src/syscalls.c.obj
 .debug_aranges
                0x00000110       0x28 CMakeFiles/blinky-led.dir/core/startup_stm32f446retx.s.obj

.debug_ranges   0x00000000      0x110
 .debug_ranges  0x00000000       0x58 CMakeFiles/blinky-led.dir/Project/src/main.c.obj
 .debug_ranges  0x00000058       0x98 CMakeFiles/blinky-led.dir/Project/src/syscalls.c.obj
 .debug_ranges  0x000000f0       0x20 CMakeFiles/blinky-led.dir/core/startup_stm32f446retx.s.obj

.debug_line     0x00000000      0x9ac
 .debug_line    0x00000000      0x449 CMakeFiles/blinky-led.dir/Project/src/main.c.obj
 .debug_line    0x00000449      0x4b3 CMakeFiles/blinky-led.dir/Project/src/syscalls.c.obj
 .debug_line    0x000008fc       0xb0 CMakeFiles/blinky-led.dir/core/startup_stm32f446retx.s.obj

.debug_str      0x00000000     0x108f
 .debug_str     0x00000000      0xe0e CMakeFiles/blinky-led.dir/Project/src/main.c.obj
                                0xefc (size before relaxing)
 .debug_str     0x00000e0e      0x222 CMakeFiles/blinky-led.dir/Project/src/syscalls.c.obj
                                0x8c2 (size before relaxing)
 .debug_str     0x00001030       0x5f CMakeFiles/blinky-led.dir/core/startup_stm32f446retx.s.obj
                                 0x98 (size before relaxing)

.comment        0x00000000       0x7e
 .comment       0x00000000       0x7e CMakeFiles/blinky-led.dir/Project/src/main.c.obj
                                 0x7f (size before relaxing)
 .comment       0x0000007e       0x7f CMakeFiles/blinky-led.dir/Project/src/syscalls.c.obj

.debug_frame    0x00000000     0x12cc
 .debug_frame   0x00000000      0x180 CMakeFiles/blinky-led.dir/Project/src/main.c.obj
 .debug_frame   0x00000180      0x2c0 CMakeFiles/blinky-led.dir/Project/src/syscalls.c.obj
 .debug_frame   0x00000440       0xac c:/program files/pros/toolchain/usr/bin/../lib/gcc/arm-none-eabi/7.2.1/thumb/v7e-m\libgcc.a(_arm_addsubdf3.o)
 .debug_frame   0x000004ec       0x24 c:/program files/pros/toolchain/usr/bin/../lib/gcc/arm-none-eabi/7.2.1/thumb/v7e-m\libgcc.a(_arm_truncdfsf2.o)
 .debug_frame   0x00000510       0x38 c:/program files/pros/toolchain/usr/bin/../lib/gcc/arm-none-eabi/7.2.1/thumb/v7e-m\libgcc.a(_arm_muldivsf3.o)
 .debug_frame   0x00000548       0x24 c:/program files/pros/toolchain/usr/bin/../lib/gcc/arm-none-eabi/7.2.1/thumb/v7e-m\libgcc.a(_arm_fixsfsi.o)
 .debug_frame   0x0000056c       0x2c c:/program files/pros/toolchain/usr/bin/../lib/gcc/arm-none-eabi/7.2.1/../../../../arm-none-eabi/lib/thumb/v7e-m\libc_nano.a(lib_a-init.o)
 .debug_frame   0x00000598       0x20 c:/program files/pros/toolchain/usr/bin/../lib/gcc/arm-none-eabi/7.2.1/../../../../arm-none-eabi/lib/thumb/v7e-m\libc_nano.a(lib_a-memset.o)
 .debug_frame   0x000005b8       0x90 c:/program files/pros/toolchain/usr/bin/../lib/gcc/arm-none-eabi/7.2.1/../../../../arm-none-eabi/lib/thumb/v7e-m\libc_nano.a(lib_a-nano-vfprintf_float.o)
 .debug_frame   0x00000648       0x60 c:/program files/pros/toolchain/usr/bin/../lib/gcc/arm-none-eabi/7.2.1/../../../../arm-none-eabi/lib/thumb/v7e-m\libc_nano.a(lib_a-nano-vfprintf_i.o)
 .debug_frame   0x000006a8       0x74 c:/program files/pros/toolchain/usr/bin/../lib/gcc/arm-none-eabi/7.2.1/../../../../arm-none-eabi/lib/thumb/v7e-m\libc_nano.a(lib_a-printf.o)
 .debug_frame   0x0000071c       0x6c c:/program files/pros/toolchain/usr/bin/../lib/gcc/arm-none-eabi/7.2.1/../../../../arm-none-eabi/lib/thumb/v7e-m\libc_nano.a(lib_a-dtoa.o)
 .debug_frame   0x00000788      0x11c c:/program files/pros/toolchain/usr/bin/../lib/gcc/arm-none-eabi/7.2.1/../../../../arm-none-eabi/lib/thumb/v7e-m\libc_nano.a(lib_a-findfp.o)
 .debug_frame   0x000008a4       0x54 c:/program files/pros/toolchain/usr/bin/../lib/gcc/arm-none-eabi/7.2.1/../../../../arm-none-eabi/lib/thumb/v7e-m\libc_nano.a(lib_a-fwalk.o)
 .debug_frame   0x000008f8       0x40 c:/program files/pros/toolchain/usr/bin/../lib/gcc/arm-none-eabi/7.2.1/../../../../arm-none-eabi/lib/thumb/v7e-m\libc_nano.a(lib_a-localeconv.o)
 .debug_frame   0x00000938       0x30 c:/program files/pros/toolchain/usr/bin/../lib/gcc/arm-none-eabi/7.2.1/../../../../arm-none-eabi/lib/thumb/v7e-m\libc_nano.a(lib_a-malloc.o)
 .debug_frame   0x00000968       0x28 c:/program files/pros/toolchain/usr/bin/../lib/gcc/arm-none-eabi/7.2.1/../../../../arm-none-eabi/lib/thumb/v7e-m\libc_nano.a(lib_a-memcpy-stub.o)
 .debug_frame   0x00000990      0x248 c:/program files/pros/toolchain/usr/bin/../lib/gcc/arm-none-eabi/7.2.1/../../../../arm-none-eabi/lib/thumb/v7e-m\libc_nano.a(lib_a-mprec.o)
 .debug_frame   0x00000bd8       0x2c c:/program files/pros/toolchain/usr/bin/../lib/gcc/arm-none-eabi/7.2.1/../../../../arm-none-eabi/lib/thumb/v7e-m\libc_nano.a(lib_a-nano-callocr.o)
 .debug_frame   0x00000c04       0x38 c:/program files/pros/toolchain/usr/bin/../lib/gcc/arm-none-eabi/7.2.1/../../../../arm-none-eabi/lib/thumb/v7e-m\libc_nano.a(lib_a-nano-freer.o)
 .debug_frame   0x00000c3c       0x2c c:/program files/pros/toolchain/usr/bin/../lib/gcc/arm-none-eabi/7.2.1/../../../../arm-none-eabi/lib/thumb/v7e-m\libc_nano.a(lib_a-nano-mallocr.o)
 .debug_frame   0x00000c68       0xac c:/program files/pros/toolchain/usr/bin/../lib/gcc/arm-none-eabi/7.2.1/../../../../arm-none-eabi/lib/thumb/v7e-m\libc_nano.a(lib_a-nano-vfprintf.o)
 .debug_frame   0x00000d14       0x2c c:/program files/pros/toolchain/usr/bin/../lib/gcc/arm-none-eabi/7.2.1/../../../../arm-none-eabi/lib/thumb/v7e-m\libc_nano.a(lib_a-sbrkr.o)
 .debug_frame   0x00000d40       0x88 c:/program files/pros/toolchain/usr/bin/../lib/gcc/arm-none-eabi/7.2.1/../../../../arm-none-eabi/lib/thumb/v7e-m\libc_nano.a(lib_a-stdio.o)
 .debug_frame   0x00000dc8       0x40 c:/program files/pros/toolchain/usr/bin/../lib/gcc/arm-none-eabi/7.2.1/../../../../arm-none-eabi/lib/thumb/v7e-m\libc_nano.a(lib_a-wbuf.o)
 .debug_frame   0x00000e08       0x2c c:/program files/pros/toolchain/usr/bin/../lib/gcc/arm-none-eabi/7.2.1/../../../../arm-none-eabi/lib/thumb/v7e-m\libc_nano.a(lib_a-writer.o)
 .debug_frame   0x00000e34       0x2c c:/program files/pros/toolchain/usr/bin/../lib/gcc/arm-none-eabi/7.2.1/../../../../arm-none-eabi/lib/thumb/v7e-m\libc_nano.a(lib_a-wsetup.o)
 .debug_frame   0x00000e60       0x2c c:/program files/pros/toolchain/usr/bin/../lib/gcc/arm-none-eabi/7.2.1/../../../../arm-none-eabi/lib/thumb/v7e-m\libc_nano.a(lib_a-closer.o)
 .debug_frame   0x00000e8c       0x68 c:/program files/pros/toolchain/usr/bin/../lib/gcc/arm-none-eabi/7.2.1/../../../../arm-none-eabi/lib/thumb/v7e-m\libc_nano.a(lib_a-fflush.o)
 .debug_frame   0x00000ef4       0x68 c:/program files/pros/toolchain/usr/bin/../lib/gcc/arm-none-eabi/7.2.1/../../../../arm-none-eabi/lib/thumb/v7e-m\libc_nano.a(lib_a-locale.o)
 .debug_frame   0x00000f5c       0x2c c:/program files/pros/toolchain/usr/bin/../lib/gcc/arm-none-eabi/7.2.1/../../../../arm-none-eabi/lib/thumb/v7e-m\libc_nano.a(lib_a-lseekr.o)
 .debug_frame   0x00000f88       0x58 c:/program files/pros/toolchain/usr/bin/../lib/gcc/arm-none-eabi/7.2.1/../../../../arm-none-eabi/lib/thumb/v7e-m\libc_nano.a(lib_a-makebuf.o)
 .debug_frame   0x00000fe0       0x48 c:/program files/pros/toolchain/usr/bin/../lib/gcc/arm-none-eabi/7.2.1/../../../../arm-none-eabi/lib/thumb/v7e-m\libc_nano.a(lib_a-mbtowc_r.o)
 .debug_frame   0x00001028       0x30 c:/program files/pros/toolchain/usr/bin/../lib/gcc/arm-none-eabi/7.2.1/../../../../arm-none-eabi/lib/thumb/v7e-m\libc_nano.a(lib_a-mlock.o)
 .debug_frame   0x00001058       0x2c c:/program files/pros/toolchain/usr/bin/../lib/gcc/arm-none-eabi/7.2.1/../../../../arm-none-eabi/lib/thumb/v7e-m\libc_nano.a(lib_a-readr.o)
 .debug_frame   0x00001084       0x5c c:/program files/pros/toolchain/usr/bin/../lib/gcc/arm-none-eabi/7.2.1/../../../../arm-none-eabi/lib/thumb/v7e-m\libc_nano.a(lib_a-reent.o)
 .debug_frame   0x000010e0       0x3c c:/program files/pros/toolchain/usr/bin/../lib/gcc/arm-none-eabi/7.2.1/../../../../arm-none-eabi/lib/thumb/v7e-m\libc_nano.a(lib_a-wctomb_r.o)
 .debug_frame   0x0000111c       0x2c c:/program files/pros/toolchain/usr/bin/../lib/gcc/arm-none-eabi/7.2.1/../../../../arm-none-eabi/lib/thumb/v7e-m\libc_nano.a(lib_a-fstatr.o)
 .debug_frame   0x00001148       0x2c c:/program files/pros/toolchain/usr/bin/../lib/gcc/arm-none-eabi/7.2.1/../../../../arm-none-eabi/lib/thumb/v7e-m\libc_nano.a(lib_a-isattyr.o)
 .debug_frame   0x00001174       0x50 c:/program files/pros/toolchain/usr/bin/../lib/gcc/arm-none-eabi/7.2.1/thumb/v7e-m\libgcc.a(_arm_muldivdf3.o)
 .debug_frame   0x000011c4       0xc4 c:/program files/pros/toolchain/usr/bin/../lib/gcc/arm-none-eabi/7.2.1/thumb/v7e-m\libgcc.a(_arm_cmpdf2.o)
 .debug_frame   0x00001288       0x20 c:/program files/pros/toolchain/usr/bin/../lib/gcc/arm-none-eabi/7.2.1/thumb/v7e-m\libgcc.a(_arm_unorddf2.o)
 .debug_frame   0x000012a8       0x24 c:/program files/pros/toolchain/usr/bin/../lib/gcc/arm-none-eabi/7.2.1/thumb/v7e-m\libgcc.a(_arm_fixdfsi.o)
